﻿[36mvite v7.3.1 [32mbuilding client environment for production...[36m[39m
transforming...
node.exe : Error: `@ut
ility stagger-children
 > *` defines an inval
id utility name. A fun
ctional utility must e
nd in `-*`.
At line:1 char:1
+ & "C:\Program Files\
nodejs/node.exe" "C:\P
rogram Files\nodejs/no
de_mo ...
+ ~~~~~~~~~~~~~~~~~~~~
~~~~~~~~~~~~~~~~~~~~~~
~~~~~~~~~~~~~~~~~~~~~~
~~~~~
    + CategoryInfo    
          : NotSpeci  
  fied: (Error: `@u   
 tilit...st end in    
 `-*`.:String) []    ,
 RemoteException
    + FullyQualifiedE 
   rrorId : NativeCo  
  mmandError
 
    at C:\Users\holymo
narchy\Desktop\html ap
ps\ExamApp\node_module
s\tailwindcss\dist\lib
.js:32:3569
    at Rr (C:\Users\ho
lymonarchy\Desktop\htm
l apps\ExamApp\node_mo
dules\tailwindcss\dist
\lib.js:3:1718)
    at _ (C:\Users\hol
ymonarchy\Desktop\html
 apps\ExamApp\node_mod
ules\tailwindcss\dist\
lib.js:3:1377)
    at un (C:\Users\ho
lymonarchy\Desktop\htm
l apps\ExamApp\node_mo
dules\tailwindcss\dist
\lib.js:32:2712)
    at async cn (C:\Us
ers\holymonarchy\Deskt
op\html apps\ExamApp\n
ode_modules\tailwindcs
s\dist\lib.js:38:631)
    at async Xr (C:\Us
ers\holymonarchy\Deskt
op\html apps\ExamApp\n
ode_modules\@tailwindc
ss\node\dist\index.js:
10:3417)
    at async I (C:\Use
rs\holymonarchy\Deskto
p\html apps\ExamApp\no
de_modules\@tailwindcs
s\postcss\dist\index.j
s:10:3977)
    at async Object.On
ce (C:\Users\holymonar
chy\Desktop\html apps\
ExamApp\node_modules\@
tailwindcss\postcss\di
st\index.js:10:4249)
    at async LazyResul
t.runAsync (C:\Users\h
olymonarchy\Desktop\ht
ml apps\ExamApp\node_m
odules\postcss\lib\laz
y-result.js:293:11)
    at async runPostCS
S (file:///C:/Users/ho
lymonarchy/Desktop/htm
l%20apps/ExamApp/node_
modules/vite/dist/node
/chunks/config.js:3014
5:19)
[32mÔ£ô[39m 6 modules transformed.
[31mÔ£ù[39m Build fa
iled in 612ms
[31merror during buil
d:
[31m[vite:css] [postc
ss] tailwindcss: C:/Us
ers/holymonarchy/Deskt
op/html apps/ExamApp/s
rc/index.css:1:1: `@ut
ility stagger-children
 > *` defines an inval
id utility name. A fun
ctional utility must e
nd in `-*`.[31m
file: [36mC:/Users/ho
lymonarchy/Desktop/htm
l apps/ExamApp/src/ind
ex.css:1:0[31m
    at Input.error (C:
\Users\holymonarchy\De
sktop\html apps\ExamAp
p\node_modules\postcss
\lib\input.js:135:16)
    at Root.error (C:\
Users\holymonarchy\Des
ktop\html apps\ExamApp
\node_modules\postcss\
lib\node.js:146:32)
    at Object.Once (C:
\Users\holymonarchy\De
sktop\html apps\ExamAp
p\node_modules\@tailwi
ndcss\postcss\dist\ind
ex.js:10:6911)
    at async LazyResul
t.runAsync (C:\Users\h
olymonarchy\Desktop\ht
ml apps\ExamApp\node_m
odules\postcss\lib\laz
y-result.js:293:11)
    at async runPostCS
S (file:///C:/Users/ho
lymonarchy/Desktop/htm
l%20apps/ExamApp/node_
modules/vite/dist/node
/chunks/config.js:3014
5:19)
    at async compilePo
stCSS (file:///C:/User
s/holymonarchy/Desktop
/html%20apps/ExamApp/n
ode_modules/vite/dist/
node/chunks/config.js:
30129:6)
    at async compileCS
S (file:///C:/Users/ho
lymonarchy/Desktop/htm
l%20apps/ExamApp/node_
modules/vite/dist/node
/chunks/config.js:3005
9:26)
    at async Object.ha
ndler (file:///C:/User
s/holymonarchy/Desktop
/html%20apps/ExamApp/n
ode_modules/vite/dist/
node/chunks/config.js:
29592:54)
    at async transform
 (file:///C:/Users/hol
ymonarchy/Desktop/html
%20apps/ExamApp/node_m
odules/rollup/dist/es/
shared/node-entry.js:2
1246:16)
    at async ModuleLoa
der.addModuleSource (f
ile:///C:/Users/holymo
narchy/Desktop/html%20
apps/ExamApp/node_modu
les/rollup/dist/es/sha
red/node-entry.js:2147
4:36)[39m
